    KERNEL_ARCH="x86"
    TARGET="i686-linux-musl"
    DOWNLOADS=${PWD}/downloads
    SOURCES=${PWD}/sources
    OUTPUT="${PWD}/output/${TARGET}"
    HOST=$(echo ${MACHTYPE} | sed "s/-[^-]*/-cross/")
    MAKEFLAGS="-j$(nproc)"
    PATH="${OUTPUT}/bin:${PATH}"
    GCC_CONFIG_FOR_TARGET=""

    export PATH OUTPUT KERNEL_ARCH TARGET HOST MAKEFLAGS
	binutils_ver=2.45
	gcc_ver=15.2.0
	musl_ver=1.2.5
	gmp_ver=6.3.0
	mpc_ver=1.3.1
	mpfr_ver=4.2.2
	linux_ver=6.16.1
    mkdir -p ${SOURCES} ${DOWNLOADS}; cd ${DOWNLOADS}
	wget -c https://sourceware.org/pub/binutils/releases/binutils-$binutils_ver.tar.xz
	wget -c https://ftp.gnu.org/gnu/gcc/gcc-$gcc_ver/gcc-$gcc_ver.tar.xz
	wget -c https://musl.libc.org/releases/musl-$musl_ver.tar.gz
	wget -c https://ftp.gnu.org/gnu/gmp/gmp-$gmp_ver.tar.xz
	wget -c https://ftp.gnu.org/gnu/mpc/mpc-$mpc_ver.tar.gz
	wget -c https://ftp.gnu.org/gnu/mpfr/mpfr-$mpfr_ver.tar.xz
	wget -c https://www.kernel.org/pub/linux/kernel/v6.x/linux-$linux_ver.tar.xz
    for f in *.tar*; do tar xf $f -C ${SOURCES} ; done
    mkdir -p ${OUTPUT}/${TARGET}
    ln -s . ${OUTPUT}/${TARGET}/usr || true
    cd ${SOURCES}/linux-$linux_ver
    make mrproper
    ARCH=${KERNEL_ARCH} make headers
    find usr/include -type f ! -name '*.h' -delete
    cp -rv usr/include ${OUTPUT}/${TARGET}
    mkdir -p ${SOURCES}/build-binutils
    cd ${SOURCES}/build-binutils
    ../binutils-$binutils_ver/configure --enable-gprofng=no \
        --disable-separate-code \
        --disable-werror \
        --target=${TARGET} --prefix= \
        --libdir=/lib --disable-multilib \
	    --with-sysroot=/${TARGET} \
	    --enable-deterministic-archives \
        --build=${HOST} --host=${HOST}
    make
    make install-strip DESTDIR=${OUTPUT}
    cd ${SOURCES}/gcc-$gcc_ver
    ln -sf ../gmp-$gmp_ver gmp
    ln -sf ../mpfr-$mpfr_ver mpfr
    ln -sf ../mpc-$mpc_ver mpc
    mkdir -p ${SOURCES}/build-gcc
    cd ${SOURCES}/build-gcc
    ../gcc-$gcc_ver/configure --target=${TARGET} \
        --host=${HOST} --build=${HOST} \
        --enable-languages=c,c++ \
        --disable-bootstrap \
        --disable-assembly \
        --disable-werror \
        --target=${TARGET} --prefix= \
        --libdir=/lib --disable-multilib \
        --with-sysroot=/${TARGET} \
        --with-build-sysroot=${OUTPUT}/${TARGET} \
        --enable-tls \
        --disable-libmudflap --disable-libsanitizer \
        --disable-gnu-indirect-function \
        --disable-libmpx \
        --enable-initfini-array \
        --enable-libstdcxx-time=rt \
        ${GCC_CONFIG_FOR_TARGET}
    make all-gcc 
    make install-strip-gcc DESTDIR=${OUTPUT}
    mkdir -p ${SOURCES}/build-musl
    cd ${SOURCES}/build-musl
    ../musl-$musl_ver/configure --prefix=/usr \
        --host=$TARGET --disable-nls --disable-werror
    make DESTDIR=${OUTPUT}/${TARGET} install-headers
    cd ${SOURCES}
    rm -rf build-musl
    cd ${SOURCES}/build-gcc
    make all-target-libgcc enable_shared=no
    make install-strip-target-libgcc DESTDIR=${OUTPUT}
    mkdir -p ${SOURCES}/build-musl
    cd ${SOURCES}/build-musl
    ../musl-$musl_ver/configure --prefix=/usr \
        --host=$TARGET --disable-nls --disable-werror
    make
    make install DESTDIR=${OUTPUT}/${TARGET}
    cd ${SOURCES}/build-gcc
    make -C ${TARGET}/libgcc distclean
    make all-target-libgcc
    make install-strip-target-libgcc DESTDIR=${OUTPUT}
    make
    make install-strip DESTDIR=${OUTPUT}
